Component: Arm Compiler for Embedded 6.22 Tool: armlink [5ee90200]

==============================================================================

Memory Map of the image

  Image Entry point : 0x080000c1

  Load Region LR_IROM1 (Base: 0x08000000, Size: 0x000048e8, Max: 0x00010000, ABSOLUTE)

    Execution Region ER_IROM1 (Exec base: 0x08000000, Load base: 0x08000000, Size: 0x000048d8, Max: 0x00010000, ABSOLUTE)

    Exec Addr    Load Addr    Size         Type   Attr      Idx    E Section Name        Object

    0x08000000   0x08000000   0x000000c0   Data   RO            3    RESET               startup_stm32g030xx.o
    0x080000c0   0x080000c0   0x00000008   Code   RO          773  * !!!main             c_p.l(__main.o)
    0x080000c8   0x080000c8   0x00000054   Code   RO          950    !!!scatter          c_p.l(__scatter.o)
    0x0800011c   0x0800011c   0x0000001a   Code   RO          954    !!handler_copy      c_p.l(__scatter_copy.o)
    0x08000136   0x08000136   0x00000002   PAD
    0x08000138   0x08000138   0x00000002   Code   RO          951    !!handler_null      c_p.l(__scatter.o)
    0x0800013a   0x0800013a   0x00000002   PAD
    0x0800013c   0x0800013c   0x0000001c   Code   RO          956    !!handler_zi        c_p.l(__scatter_zi.o)
    0x08000158   0x08000158   0x00000002   Code   RO          811    .ARM.Collect$$libinit$$00000000  c_p.l(libinit.o)
    0x0800015a   0x0800015a   0x00000000   Code   RO          825    .ARM.Collect$$libinit$$00000002  c_p.l(libinit2.o)
    0x0800015a   0x0800015a   0x00000000   Code   RO          827    .ARM.Collect$$libinit$$00000004  c_p.l(libinit2.o)
    0x0800015a   0x0800015a   0x00000000   Code   RO          829    .ARM.Collect$$libinit$$00000006  c_p.l(libinit2.o)
    0x0800015a   0x0800015a   0x00000000   Code   RO          832    .ARM.Collect$$libinit$$0000000C  c_p.l(libinit2.o)
    0x0800015a   0x0800015a   0x00000000   Code   RO          834    .ARM.Collect$$libinit$$0000000E  c_p.l(libinit2.o)
    0x0800015a   0x0800015a   0x00000000   Code   RO          836    .ARM.Collect$$libinit$$00000010  c_p.l(libinit2.o)
    0x0800015a   0x0800015a   0x00000000   Code   RO          839    .ARM.Collect$$libinit$$00000013  c_p.l(libinit2.o)
    0x0800015a   0x0800015a   0x00000000   Code   RO          841    .ARM.Collect$$libinit$$00000015  c_p.l(libinit2.o)
    0x0800015a   0x0800015a   0x00000000   Code   RO          843    .ARM.Collect$$libinit$$00000017  c_p.l(libinit2.o)
    0x0800015a   0x0800015a   0x00000000   Code   RO          845    .ARM.Collect$$libinit$$00000019  c_p.l(libinit2.o)
    0x0800015a   0x0800015a   0x00000000   Code   RO          847    .ARM.Collect$$libinit$$0000001B  c_p.l(libinit2.o)
    0x0800015a   0x0800015a   0x00000000   Code   RO          849    .ARM.Collect$$libinit$$0000001D  c_p.l(libinit2.o)
    0x0800015a   0x0800015a   0x00000000   Code   RO          851    .ARM.Collect$$libinit$$0000001F  c_p.l(libinit2.o)
    0x0800015a   0x0800015a   0x00000000   Code   RO          853    .ARM.Collect$$libinit$$00000021  c_p.l(libinit2.o)
    0x0800015a   0x0800015a   0x00000000   Code   RO          855    .ARM.Collect$$libinit$$00000023  c_p.l(libinit2.o)
    0x0800015a   0x0800015a   0x00000000   Code   RO          857    .ARM.Collect$$libinit$$00000025  c_p.l(libinit2.o)
    0x0800015a   0x0800015a   0x00000000   Code   RO          859    .ARM.Collect$$libinit$$00000027  c_p.l(libinit2.o)
    0x0800015a   0x0800015a   0x00000000   Code   RO          863    .ARM.Collect$$libinit$$0000002E  c_p.l(libinit2.o)
    0x0800015a   0x0800015a   0x00000000   Code   RO          865    .ARM.Collect$$libinit$$00000030  c_p.l(libinit2.o)
    0x0800015a   0x0800015a   0x00000000   Code   RO          867    .ARM.Collect$$libinit$$00000032  c_p.l(libinit2.o)
    0x0800015a   0x0800015a   0x00000000   Code   RO          869    .ARM.Collect$$libinit$$00000034  c_p.l(libinit2.o)
    0x0800015a   0x0800015a   0x00000002   Code   RO          870    .ARM.Collect$$libinit$$00000035  c_p.l(libinit2.o)
    0x0800015c   0x0800015c   0x00000002   Code   RO          905    .ARM.Collect$$libshutdown$$00000000  c_p.l(libshutdown.o)
    0x0800015e   0x0800015e   0x00000000   Code   RO          933    .ARM.Collect$$libshutdown$$00000002  c_p.l(libshutdown2.o)
    0x0800015e   0x0800015e   0x00000000   Code   RO          935    .ARM.Collect$$libshutdown$$00000004  c_p.l(libshutdown2.o)
    0x0800015e   0x0800015e   0x00000000   Code   RO          938    .ARM.Collect$$libshutdown$$00000007  c_p.l(libshutdown2.o)
    0x0800015e   0x0800015e   0x00000000   Code   RO          941    .ARM.Collect$$libshutdown$$0000000A  c_p.l(libshutdown2.o)
    0x0800015e   0x0800015e   0x00000000   Code   RO          943    .ARM.Collect$$libshutdown$$0000000C  c_p.l(libshutdown2.o)
    0x0800015e   0x0800015e   0x00000000   Code   RO          946    .ARM.Collect$$libshutdown$$0000000F  c_p.l(libshutdown2.o)
    0x0800015e   0x0800015e   0x00000002   Code   RO          947    .ARM.Collect$$libshutdown$$00000010  c_p.l(libshutdown2.o)
    0x08000160   0x08000160   0x00000000   Code   RO          775    .ARM.Collect$$rtentry$$00000000  c_p.l(__rtentry.o)
    0x08000160   0x08000160   0x00000000   Code   RO          781    .ARM.Collect$$rtentry$$00000002  c_p.l(__rtentry2.o)
    0x08000160   0x08000160   0x00000006   Code   RO          793    .ARM.Collect$$rtentry$$00000004  c_p.l(__rtentry4.o)
    0x08000166   0x08000166   0x00000000   Code   RO          783    .ARM.Collect$$rtentry$$00000009  c_p.l(__rtentry2.o)
    0x08000166   0x08000166   0x00000004   Code   RO          784    .ARM.Collect$$rtentry$$0000000A  c_p.l(__rtentry2.o)
    0x0800016a   0x0800016a   0x00000000   Code   RO          786    .ARM.Collect$$rtentry$$0000000C  c_p.l(__rtentry2.o)
    0x0800016a   0x0800016a   0x00000008   Code   RO          787    .ARM.Collect$$rtentry$$0000000D  c_p.l(__rtentry2.o)
    0x08000172   0x08000172   0x00000002   Code   RO          816    .ARM.Collect$$rtexit$$00000000  c_p.l(rtexit.o)
    0x08000174   0x08000174   0x00000000   Code   RO          876    .ARM.Collect$$rtexit$$00000002  c_p.l(rtexit2.o)
    0x08000174   0x08000174   0x00000004   Code   RO          877    .ARM.Collect$$rtexit$$00000003  c_p.l(rtexit2.o)
    0x08000178   0x08000178   0x00000006   Code   RO          878    .ARM.Collect$$rtexit$$00000004  c_p.l(rtexit2.o)
    0x0800017e   0x0800017e   0x00000002   PAD
    0x08000180   0x08000180   0x00000038   Code   RO          761    .emb_text           c_p.l(rt_memcpy.o)
    0x080001b8   0x080001b8   0x00000034   Code   RO            4    .text               startup_stm32g030xx.o
    0x080001ec   0x080001ec   0x00000082   Code   RO          762    .text               c_p.l(rt_memcpy.o)
    0x0800026e   0x0800026e   0x00000040   Code   RO          765    .text               c_p.l(rt_memclr.o)
    0x080002ae   0x080002ae   0x00000002   PAD
    0x080002b0   0x080002b0   0x0000016c   Code   RO          767    .text               c_p.l(aeabi_sdiv.o)
    0x0800041c   0x0800041c   0x00000006   Code   RO          771    .text               c_p.l(heapauxi.o)
    0x08000422   0x08000422   0x0000003e   Code   RO          797    .text               c_p.l(sys_stackheap_outer.o)
    0x08000460   0x08000460   0x00000010   Code   RO          800    .text               c_p.l(exit.o)
    0x08000470   0x08000470   0x00000008   Code   RO          812    .text               c_p.l(libspace.o)
    0x08000478   0x08000478   0x0000000c   Code   RO          871    .text               c_p.l(sys_exit.o)
    0x08000484   0x08000484   0x00000002   Code   RO          894    .text               c_p.l(use_no_semi.o)
    0x08000486   0x08000486   0x00000000   Code   RO          896    .text               c_p.l(indicate_semi.o)
    0x08000486   0x08000486   0x0000000e   Code   RO           15    .text.Error_Handler  main.o
    0x08000494   0x08000494   0x00000008   Code   RO          412    .text.HAL_GetTick   stm32g0xx_hal.o
    0x0800049c   0x0800049c   0x00000014   Code   RO          410    .text.HAL_IncTick   stm32g0xx_hal.o
    0x080004b0   0x080004b0   0x00000038   Code   RO          400    .text.HAL_Init      stm32g0xx_hal.o
    0x080004e8   0x080004e8   0x0000007c   Code   RO          402    .text.HAL_InitTick  stm32g0xx_hal.o
    0x08000564   0x08000564   0x0000003c   Code   RO           51    .text.HAL_MspInit   stm32g0xx_hal_msp.o
    0x080005a0   0x080005a0   0x0000001c   Code   RO          341    .text.HAL_NVIC_SetPriority  stm32g0xx_hal_cortex.o
    0x080005bc   0x080005bc   0x0000007c   Code   RO          328    .text.HAL_PWREx_ControlVoltageScaling  stm32g0xx_hal_pwr_ex.o
    0x08000638   0x08000638   0x00000258   Code   RO           65    .text.HAL_RCC_ClockConfig  stm32g0xx_hal_rcc.o
    0x08000890   0x08000890   0x00000120   Code   RO           67    .text.HAL_RCC_GetSysClockFreq  stm32g0xx_hal_rcc.o
    0x080009b0   0x080009b0   0x0000069c   Code   RO           63    .text.HAL_RCC_OscConfig  stm32g0xx_hal_rcc.o
    0x0800104c   0x0800104c   0x00000010   Code   RO          357    .text.HAL_SYSTICK_Config  stm32g0xx_hal_cortex.o
    0x0800105c   0x0800105c   0x000002ac   Code   RO           35    .text.HardFault_Handler  stm32g0xx_it.o
    0x08001308   0x08001308   0x00000020   Code   RO           25    .text.MX_GPIO_Init  gpio.o
    0x08001328   0x08001328   0x000000a8   Code   RO           33    .text.NMI_Handler   stm32g0xx_it.o
    0x080013d0   0x080013d0   0x000000a8   Code   RO           39    .text.PendSV_Handler  stm32g0xx_it.o
    0x08001478   0x08001478   0x000000bc   Code   RO          715    .text.SEGGER_RTT_SetTerminal  segger_rtt.o
    0x08001534   0x08001534   0x00000048   Code   RO          677    .text.SEGGER_RTT_Write  segger_rtt.o
    0x0800157c   0x0800157c   0x000000b0   Code   RO          673    .text.SEGGER_RTT_WriteNoLock  segger_rtt.o
    0x0800162c   0x0800162c   0x0000002c   Code   RO          747    .text.SEGGER_RTT_printf  segger_rtt_printf.o
    0x08001658   0x08001658   0x00000350   Code   RO          739    .text.SEGGER_RTT_vprintf  segger_rtt_printf.o
    0x080019a8   0x080019a8   0x000000a8   Code   RO           37    .text.SVC_Handler   stm32g0xx_it.o
    0x08001a50   0x08001a50   0x00000050   Code   RO          359    .text.SysTick_Config  stm32g0xx_hal_cortex.o
    0x08001aa0   0x08001aa0   0x0000000c   Code   RO           41    .text.SysTick_Handler  stm32g0xx_it.o
    0x08001aac   0x08001aac   0x0000007e   Code   RO           13    .text.SystemClock_Config  main.o
    0x08001b2a   0x08001b2a   0x00000002   Code   RO          493    .text.SystemInit    system_stm32g0xx.o
    0x08001b2c   0x08001b2c   0x00000090   Code   RO          653    .text._DoInit       segger_rtt.o
    0x08001bbc   0x08001bbc   0x0000003e   Code   RO          667    .text._GetAvailWriteSpace  segger_rtt.o
    0x08001bfa   0x08001bfa   0x000001e2   Code   RO          743    .text._PrintInt     segger_rtt_printf.o
    0x08001ddc   0x08001ddc   0x000001c8   Code   RO          745    .text._PrintUnsigned  segger_rtt_printf.o
    0x08001fa4   0x08001fa4   0x00000074   Code   RO          741    .text._StoreChar    segger_rtt_printf.o
    0x08002018   0x08002018   0x000000e0   Code   RO          671    .text._WriteBlocking  segger_rtt.o
    0x080020f8   0x080020f8   0x00000084   Code   RO          669    .text._WriteNoCheck  segger_rtt.o
    0x0800217c   0x0800217c   0x00000084   Code   RO          343    .text.__NVIC_SetPriority  stm32g0xx_hal_cortex.o
    0x08002200   0x08002200   0x00000018   Code   RO          513    .text._main         _main.o
    0x08002218   0x08002218   0x00000098   Code   RO          568    .text.calcul_cpu_load  sloop.o
    0x080022b0   0x080022b0   0x0000008c   Code   RO          586    .text.cycle_run     sloop.o
    0x0800233c   0x0800233c   0x000000d4   Code   RO          590    .text.load_warning  sloop.o
    0x08002410   0x08002410   0x00000010   Code   RO          564    .text.loop_counter  sloop.o
    0x08002420   0x08002420   0x0000001c   Code   RO           11    .text.main          main.o
    0x0800243c   0x0800243c   0x00000014   Code   RO          578    .text.mcu_tick_irq  sloop.o
    0x08002450   0x08002450   0x000000b8   Code   RO          588    .text.multiple_run  sloop.o
    0x08002508   0x08002508   0x0000001c   Code   RO          574    .text.mutex_task_run  sloop.o
    0x08002524   0x08002524   0x00000084   Code   RO          562    .text.once_task_run  sloop.o
    0x080025a8   0x080025a8   0x00000040   Code   RO          576    .text.parallel_task_run  sloop.o
    0x080025e8   0x080025e8   0x0000000c   Code   RO          572    .text.sloop         sloop.o
    0x080025f4   0x080025f4   0x00000274   Code   RO          556    .text.sloop_init    sloop.o
    0x08002868   0x08002868   0x00000010   Code   RO          582    .text.soft_timer    sloop.o
    0x08002878   0x08002878   0x00000008   Code   RO          535    .text.stop_test     task_demo.o
    0x08002880   0x08002880   0x00000204   Code   RO          566    .text.sys_cycle_start  sloop.o
    0x08002a84   0x08002a84   0x000000f0   Code   RO          592    .text.sys_cycle_stop  sloop.o
    0x08002b74   0x08002b74   0x0000000c   Code   RO          558    .text.sys_get_tick  sloop.o
    0x08002b80   0x08002b80   0x000000f4   Code   RO          606    .text.sys_goto      sloop.o
    0x08002c74   0x08002c74   0x00000014   Code   RO          610    .text.sys_load_new_task  sloop.o
    0x08002c88   0x08002c88   0x000001d8   Code   RO          580    .text.sys_task_once  sloop.o
    0x08002e60   0x08002e60   0x000001b4   Code   RO          560    .text.sys_task_start  sloop.o
    0x08003014   0x08003014   0x000001fc   Code   RO          596    .text.sys_timeout_start  sloop.o
    0x08003210   0x08003210   0x00000148   Code   RO          612    .text.sys_wait      sloop.o
    0x08003358   0x08003358   0x00000118   Code   RO          614    .text.sys_wait_bare  sloop.o
    0x08003470   0x08003470   0x000000b0   Code   RO          608    .text.sys_wait_break  sloop.o
    0x08003520   0x08003520   0x000000b0   Code   RO          618    .text.sys_wait_continue  sloop.o
    0x080035d0   0x080035d0   0x000000c8   Code   RO          570    .text.system_heartbeat  sloop.o
    0x08003698   0x08003698   0x0000017c   Code   RO          522    .text.task_baseInit  task_baseinit.o
    0x08003814   0x08003814   0x000001ac   Code   RO          531    .text.task_demo     task_demo.o
    0x080039c0   0x080039c0   0x0000017c   Code   RO          545    .text.task_idle     task_idle.o
    0x08003b3c   0x08003b3c   0x000000a4   Code   RO          533    .text.test          task_demo.o
    0x08003be0   0x08003be0   0x00000090   Code   RO          584    .text.timeout_run   sloop.o
    0x08003c70   0x08003c70   0x00000040   Data   RO          498    .rodata.AHBPrescTable  system_stm32g0xx.o
    0x08003cb0   0x08003cb0   0x00000011   Data   RO          728    .rodata._DoInit._aInitStr  segger_rtt.o
    0x08003cc1   0x08003cc1   0x00000010   Data   RO          750    .rodata._PrintUnsigned._aV2C  segger_rtt_printf.o
    0x08003cd1   0x08003cd1   0x00000010   Data   RO          726    .rodata._aTerminalId  segger_rtt.o
    0x08003ce1   0x08003ce1   0x00000392   Data   RO           43    .rodata.str1.1      stm32g0xx_it.o
    0x08004073   0x08004073   0x000000a3   Data   RO          524    .rodata.str1.1      task_baseinit.o
    0x08004116   0x08004116   0x00000050   Data   RO          537    .rodata.str1.1      task_demo.o
    0x08004166   0x08004166   0x0000000a   Data   RO          547    .rodata.str1.1      task_idle.o
    0x08004170   0x08004170   0x00000735   Data   RO          620    .rodata.str1.1      sloop.o
    0x080048a5   0x080048a5   0x00000009   Data   RO          729    .rodata.str1.1      segger_rtt.o
    0x080048ae   0x080048ae   0x00000007   Data   RO          749    .rodata.str1.1      segger_rtt_printf.o
    0x080048b5   0x080048b5   0x00000003   PAD
    0x080048b8   0x080048b8   0x00000020   Data   RO          949    Region$$Table       anon$$obj.o


    Execution Region RW_IRAM1 (Exec base: 0x20000000, Load base: 0x080048d8, Size: 0x00000f00, Max: 0x00002000, ABSOLUTE)

    Exec Addr    Load Addr    Size         Type   Attr      Idx    E Section Name        Object

    0x20000000   0x080048d8   0x00000004   Data   RW          497    .data.SystemCoreClock  system_stm32g0xx.o
    0x20000004   0x080048dc   0x00000001   Data   RW          459    .data.uwTickFreq    stm32g0xx_hal.o
    0x20000005   0x080048dd   0x00000003   PAD
    0x20000008   0x080048e0   0x00000004   Data   RW          458    .data.uwTickPrio    stm32g0xx_hal.o
    0x2000000c   0x080048e4   0x00000004   PAD
    0x20000010        -       0x00000060   Zero   RW          813    .bss                c_p.l(libspace.o)
    0x20000070        -       0x00000001   Zero   RW          727    .bss._ActiveTerminal  segger_rtt.o
    0x20000071   0x080048e4   0x00000003   PAD
    0x20000074        -       0x00000048   Zero   RW          725    .bss._SEGGER_RTT    segger_rtt.o
    0x200000bc        -       0x00000010   Zero   RW          731    .bss._acDownBuffer  segger_rtt.o
    0x200000cc        -       0x00000400   Zero   RW          730    .bss._acUpBuffer    segger_rtt.o
    0x200004cc        -       0x00000001   Zero   RW          643    .bss._continue      sloop.o
    0x200004cd        -       0x00000001   Zero   RW          641    .bss._free          sloop.o
    0x200004ce        -       0x00000001   Zero   RW          639    .bss._init          sloop.o
    0x200004cf        -       0x00000001   Zero   RW          642    .bss.break_wait     sloop.o
    0x200004d0        -       0x00000001   Zero   RW          624    .bss.calcul_cpu_load.warning  sloop.o
    0x200004d1   0x080048e4   0x00000003   PAD
    0x200004d4        -       0x000000c0   Zero   RW          630    .bss.cycle_reg      sloop.o
    0x20000594        -       0x000000c0   Zero   RW          629    .bss.cycle_run.backup_reg  sloop.o
    0x20000654        -       0x00000004   Zero   RW          626    .bss.load           sloop.o
    0x20000658        -       0x00000004   Zero   RW          623    .bss.loop           sloop.o
    0x2000065c        -       0x00000004   Zero   RW          625    .bss.loop_us        sloop.o
    0x20000660        -       0x00000100   Zero   RW          632    .bss.multiple_reg   sloop.o
    0x20000760        -       0x00000100   Zero   RW          631    .bss.multiple_run.backup_reg  sloop.o
    0x20000860        -       0x00000040   Zero   RW          635    .bss.once_task_reg  sloop.o
    0x200008a0        -       0x00000040   Zero   RW          634    .bss.once_task_run.backup_reg  sloop.o
    0x200008e0        -       0x00000004   Zero   RW          640    .bss.pre_task       sloop.o
    0x200008e4        -       0x00000004   Zero   RW          638    .bss.run_task       sloop.o
    0x200008e8        -       0x00000004   Zero   RW          636    .bss.soft_timer_count  sloop.o
    0x200008ec        -       0x00000004   Zero   RW          622    .bss.system_heartbeat.count  sloop.o
    0x200008f0        -       0x00000080   Zero   RW          633    .bss.task_reg       sloop.o
    0x20000970        -       0x00000004   Zero   RW          621    .bss.tick           sloop.o
    0x20000974        -       0x000000c0   Zero   RW          628    .bss.timeout_reg    sloop.o
    0x20000a34        -       0x000000c0   Zero   RW          627    .bss.timeout_run.backup_reg  sloop.o
    0x20000af4        -       0x00000004   Zero   RW          460    .bss.uwTick         stm32g0xx_hal.o
    0x20000af8        -       0x00000001   Zero   RW          637    .bss.wait           sloop.o
    0x20000af9   0x080048e4   0x00000007   PAD
    0x20000b00        -       0x00000000   Zero   RW            2    HEAP                startup_stm32g030xx.o
    0x20000b00        -       0x00000400   Zero   RW            1    STACK               startup_stm32g030xx.o


==============================================================================

Image component sizes


      Code (inc. data)   RO Data    RW Data    ZI Data      Debug   Object Name

        24          4          0          0          0        626   _main.o
        32          4          0          0          0       1193   gpio.o
       168          0          0          0          0       1624   main.o
       998         32         42          0       1113      13980   segger_rtt.o
      1946         64         23          0          0       4009   segger_rtt_printf.o
      5356        292       1845          0       1574       8666   sloop.o
        52         22        192          0       1024        604   startup_stm32g030xx.o
       208          8          0          5          4       6421   stm32g0xx_hal.o
       256         20          0          0          0       6296   stm32g0xx_hal_cortex.o
        60          8          0          0          0       1258   stm32g0xx_hal_msp.o
       124         12          0          0          0       3939   stm32g0xx_hal_pwr_ex.o
      2580        116          0          0          0       8872   stm32g0xx_hal_rcc.o
      1200         44        914          0          0       1690   stm32g0xx_it.o
         2          0         64          4          0       1850   system_stm32g0xx.o
       380          8        163          0          0        585   task_baseinit.o
       600         36         80          0          0        823   task_demo.o
       380         20         10          0          0        571   task_idle.o

    ----------------------------------------------------------------------
     14366        690       3368         12       3732      63007   Object Totals
         0          0         32          0          0          0   (incl. Generated)
         0          0          3          3         17          0   (incl. Padding)

    ----------------------------------------------------------------------

      Code (inc. data)   RO Data    RW Data    ZI Data      Debug   Library Member Name

         8          0          0          0          0         68   __main.o
         0          0          0          0          0          0   __rtentry.o
        12          0          0          0          0          0   __rtentry2.o
         6          0          0          0          0          0   __rtentry4.o
        86         10          0          0          0          0   __scatter.o
        26          0          0          0          0          0   __scatter_copy.o
        28          0          0          0          0          0   __scatter_zi.o
       364          4          0          0          0         92   aeabi_sdiv.o
        16          0          0          0          0         68   exit.o
         6          0          0          0          0        136   heapauxi.o
         0          0          0          0          0          0   indicate_semi.o
         2          0          0          0          0          0   libinit.o
         2          0          0          0          0          0   libinit2.o
         2          0          0          0          0          0   libshutdown.o
         2          0          0          0          0          0   libshutdown2.o
         8          4          0          0         96         68   libspace.o
        64          0          0          0          0        108   rt_memclr.o
       186          0          0          0          0        144   rt_memcpy.o
         2          0          0          0          0          0   rtexit.o
        10          0          0          0          0          0   rtexit2.o
        12          4          0          0          0         60   sys_exit.o
        62          0          0          0          0         80   sys_stackheap_outer.o
         2          0          0          0          0         68   use_no_semi.o

    ----------------------------------------------------------------------
       914         22          0          0         96        892   Library Totals
         8          0          0          0          0          0   (incl. Padding)

    ----------------------------------------------------------------------

      Code (inc. data)   RO Data    RW Data    ZI Data      Debug   Library Name

       906         22          0          0         96        892   c_p.l

    ----------------------------------------------------------------------
       914         22          0          0         96        892   Library Totals

    ----------------------------------------------------------------------

==============================================================================


      Code (inc. data)   RO Data    RW Data    ZI Data      Debug   

     15280        712       3368         12       3828      63383   Grand Totals
     15280        712       3368         12       3828      63383   ELF Image Totals
     15280        712       3368         12          0          0   ROM Totals

==============================================================================

    Total RO  Size (Code + RO Data)                18648 (  18.21kB)
    Total RW  Size (RW Data + ZI Data)              3840 (   3.75kB)
    Total ROM Size (Code + RO Data + RW Data)      18660 (  18.22kB)

==============================================================================

